MPLINK 4.48, Linker
Linker Map File - Created Fri Jul 19 13:31:02 2013

                                 Section Info
                  Section       Type    Address   Location Size(Bytes)
                ---------  ---------  ---------  ---------  ---------
                   .org_0       code   0x000000    program   0x000000
                   .org_1       code   0x000000    program   0x000024



                              Program Memory Usage 
                               Start         End      
                           ---------   ---------      
                            0x000000    0x000011      
            18 out of 8454 program addresses used, program memory utilization is 0%



                              Symbols - Sorted by Name
                     Name    Address   Location    Storage File                     
                ---------  ---------  ---------  --------- ---------                
                  DelayUS   0x00000c    program     static D:\MyMCU\MyASM\Experiment\NO1_DelayUS\ASM.asm
                    LL1US   0x00000d    program     static D:\MyMCU\MyASM\Experiment\NO1_DelayUS\ASM.asm
                     Loop   0x000005    program     static D:\MyMCU\MyASM\Experiment\NO1_DelayUS\ASM.asm
                     main   0x000000    program     static D:\MyMCU\MyASM\Experiment\NO1_DelayUS\ASM.asm



                              Symbols - Sorted by Address
                     Name    Address   Location    Storage File                     
                ---------  ---------  ---------  --------- ---------                
                     main   0x000000    program     static D:\MyMCU\MyASM\Experiment\NO1_DelayUS\ASM.asm
                     Loop   0x000005    program     static D:\MyMCU\MyASM\Experiment\NO1_DelayUS\ASM.asm
                  DelayUS   0x00000c    program     static D:\MyMCU\MyASM\Experiment\NO1_DelayUS\ASM.asm
                    LL1US   0x00000d    program     static D:\MyMCU\MyASM\Experiment\NO1_DelayUS\ASM.asm


