MPLINK 5.08, LINKER
Linker Map File - Created Mon Oct 17 23:23:53 2016

                                 Section Info
                  Section       Type    Address   Location Size(Bytes)
                ---------  ---------  ---------  ---------  ---------
                   .org_0       code   0x000000    program   0x00004a
                   .cinit    romdata   0x000025    program   0x000004



                              Program Memory Usage 
                               Start         End      
                           ---------   ---------      
                            0x000000    0x000026      
            39 out of 8454 program addresses used, program memory utilization is 0%



                              Symbols - Sorted by Name
                     Name    Address   Location    Storage File                     
                ---------  ---------  ---------  --------- ---------                
             _.org_0_0010   0x000010    program     static F:\electricity\MCU\PIC\PIC_lab\NO5\sun.X\main.asm
             _.org_0_0017   0x000017    program     static F:\electricity\MCU\PIC\PIC_lab\NO5\sun.X\main.asm
             _.org_0_0019   0x000019    program     static F:\electricity\MCU\PIC\PIC_lab\NO5\sun.X\main.asm
             _.org_0_001F   0x00001f    program     static F:\electricity\MCU\PIC\PIC_lab\NO5\sun.X\main.asm
             _.org_0_0021   0x000021    program     static F:\electricity\MCU\PIC\PIC_lab\NO5\sun.X\main.asm
                    div16   0x00000a    program     static F:\electricity\MCU\PIC\PIC_lab\NO5\sun.X\main.asm
                div16loop   0x000014    program     static F:\electricity\MCU\PIC\PIC_lab\NO5\sun.X\main.asm
                     main   0x000002    program     static F:\electricity\MCU\PIC\PIC_lab\NO5\sun.X\main.asm



                              Symbols - Sorted by Address
                     Name    Address   Location    Storage File                     
                ---------  ---------  ---------  --------- ---------                
                     main   0x000002    program     static F:\electricity\MCU\PIC\PIC_lab\NO5\sun.X\main.asm
                    div16   0x00000a    program     static F:\electricity\MCU\PIC\PIC_lab\NO5\sun.X\main.asm
             _.org_0_0010   0x000010    program     static F:\electricity\MCU\PIC\PIC_lab\NO5\sun.X\main.asm
                div16loop   0x000014    program     static F:\electricity\MCU\PIC\PIC_lab\NO5\sun.X\main.asm
             _.org_0_0017   0x000017    program     static F:\electricity\MCU\PIC\PIC_lab\NO5\sun.X\main.asm
             _.org_0_0019   0x000019    program     static F:\electricity\MCU\PIC\PIC_lab\NO5\sun.X\main.asm
             _.org_0_001F   0x00001f    program     static F:\electricity\MCU\PIC\PIC_lab\NO5\sun.X\main.asm
             _.org_0_0021   0x000021    program     static F:\electricity\MCU\PIC\PIC_lab\NO5\sun.X\main.asm


