MPLINK 5.08, LINKER
Linker Map File - Created Mon Oct 24 21:21:47 2016

                                 Section Info
                  Section       Type    Address   Location Size(Bytes)
                ---------  ---------  ---------  ---------  ---------
                   .org_0       code   0x000000    program   0x00006c
                   .cinit    romdata   0x000036    program   0x000004
.config_2007_BUILD/DEFAULT/DEBUG/MAIN.O       code   0x002007    program   0x000002



                              Program Memory Usage 
                               Start         End      
                           ---------   ---------      
                            0x000000    0x000037      
                            0x002007    0x002007      
            57 out of 8454 program addresses used, program memory utilization is 0%



                              Symbols - Sorted by Name
                     Name    Address   Location    Storage File                     
                ---------  ---------  ---------  --------- ---------                
                     Main   0x000002    program     static F:\electricity\MCU\PIC\PIC_lab\NO6\lab6.X\main.asm
             _.org_0_0005   0x000005    program     static F:\electricity\MCU\PIC\PIC_lab\NO6\lab6.X\main.asm
             _.org_0_0027   0x000027    program     static F:\electricity\MCU\PIC\PIC_lab\NO6\lab6.X\main.asm
                  in_loop   0x000021    program     static F:\electricity\MCU\PIC\PIC_lab\NO6\lab6.X\main.asm
                 out_loop   0x00001d    program     static F:\electricity\MCU\PIC\PIC_lab\NO6\lab6.X\main.asm
                    paixu   0x00001b    program     static F:\electricity\MCU\PIC\PIC_lab\NO6\lab6.X\main.asm
                    setup   0x000006    program     static F:\electricity\MCU\PIC\PIC_lab\NO6\lab6.X\main.asm



                              Symbols - Sorted by Address
                     Name    Address   Location    Storage File                     
                ---------  ---------  ---------  --------- ---------                
                     Main   0x000002    program     static F:\electricity\MCU\PIC\PIC_lab\NO6\lab6.X\main.asm
             _.org_0_0005   0x000005    program     static F:\electricity\MCU\PIC\PIC_lab\NO6\lab6.X\main.asm
                    setup   0x000006    program     static F:\electricity\MCU\PIC\PIC_lab\NO6\lab6.X\main.asm
                    paixu   0x00001b    program     static F:\electricity\MCU\PIC\PIC_lab\NO6\lab6.X\main.asm
                 out_loop   0x00001d    program     static F:\electricity\MCU\PIC\PIC_lab\NO6\lab6.X\main.asm
                  in_loop   0x000021    program     static F:\electricity\MCU\PIC\PIC_lab\NO6\lab6.X\main.asm
             _.org_0_0027   0x000027    program     static F:\electricity\MCU\PIC\PIC_lab\NO6\lab6.X\main.asm


