MPLINK 5.08, LINKER
Linker Map File - Created Fri Oct 28 15:29:03 2016

                                 Section Info
                  Section       Type    Address   Location Size(Bytes)
                ---------  ---------  ---------  ---------  ---------
                   .org_0       code   0x000000    program   0x000004
                   .cinit    romdata   0x000002    program   0x000004
                   .org_1       code   0x000004    program   0x0000e2
.config_2007_BUILD/DEFAULT/PRODUCTION/ASM3.O       code   0x002007    program   0x000002



                              Program Memory Usage 
                               Start         End      
                           ---------   ---------      
                            0x000000    0x000074      
                            0x002007    0x002007      
            118 out of 8454 program addresses used, program memory utilization is 1%



                              Symbols - Sorted by Name
                     Name    Address   Location    Storage File                     
                ---------  ---------  ---------  --------- ---------                
                Clock_595   0x000053    program     static F:\electricity\MCU\PIC\PIC_lab\NO7\lab7.X\ASM3.asm
                  DelayMS   0x000069    program     static F:\electricity\MCU\PIC\PIC_lab\NO7\lab7.X\ASM3.asm
                 EndOfInt   0x00000f    program     static F:\electricity\MCU\PIC\PIC_lab\NO7\lab7.X\ASM3.asm
               HC595_Init   0x00003f    program     static F:\electricity\MCU\PIC\PIC_lab\NO7\lab7.X\ASM3.asm
         HC595_Write_Byte   0x000047    program     static F:\electricity\MCU\PIC\PIC_lab\NO7\lab7.X\ASM3.asm
                      LL1   0x00006a    program     static F:\electricity\MCU\PIC\PIC_lab\NO7\lab7.X\ASM3.asm
                      LL2   0x00006c    program     static F:\electricity\MCU\PIC\PIC_lab\NO7\lab7.X\ASM3.asm
                      LL3   0x00006e    program     static F:\electricity\MCU\PIC\PIC_lab\NO7\lab7.X\ASM3.asm
                 Loop_595   0x00004c    program     static F:\electricity\MCU\PIC\PIC_lab\NO7\lab7.X\ASM3.asm
                 SET0_595   0x000051    program     static F:\electricity\MCU\PIC\PIC_lab\NO7\lab7.X\ASM3.asm
                 SET1_595   0x00004f    program     static F:\electricity\MCU\PIC\PIC_lab\NO7\lab7.X\ASM3.asm
            TurnOff_7LEDs   0x00005e    program     static F:\electricity\MCU\PIC\PIC_lab\NO7\lab7.X\ASM3.asm
                     loop   0x000030    program     static F:\electricity\MCU\PIC\PIC_lab\NO7\lab7.X\ASM3.asm
                     main   0x000016    program     static F:\electricity\MCU\PIC\PIC_lab\NO7\lab7.X\ASM3.asm



                              Symbols - Sorted by Address
                     Name    Address   Location    Storage File                     
                ---------  ---------  ---------  --------- ---------                
                 EndOfInt   0x00000f    program     static F:\electricity\MCU\PIC\PIC_lab\NO7\lab7.X\ASM3.asm
                     main   0x000016    program     static F:\electricity\MCU\PIC\PIC_lab\NO7\lab7.X\ASM3.asm
                     loop   0x000030    program     static F:\electricity\MCU\PIC\PIC_lab\NO7\lab7.X\ASM3.asm
               HC595_Init   0x00003f    program     static F:\electricity\MCU\PIC\PIC_lab\NO7\lab7.X\ASM3.asm
         HC595_Write_Byte   0x000047    program     static F:\electricity\MCU\PIC\PIC_lab\NO7\lab7.X\ASM3.asm
                 Loop_595   0x00004c    program     static F:\electricity\MCU\PIC\PIC_lab\NO7\lab7.X\ASM3.asm
                 SET1_595   0x00004f    program     static F:\electricity\MCU\PIC\PIC_lab\NO7\lab7.X\ASM3.asm
                 SET0_595   0x000051    program     static F:\electricity\MCU\PIC\PIC_lab\NO7\lab7.X\ASM3.asm
                Clock_595   0x000053    program     static F:\electricity\MCU\PIC\PIC_lab\NO7\lab7.X\ASM3.asm
            TurnOff_7LEDs   0x00005e    program     static F:\electricity\MCU\PIC\PIC_lab\NO7\lab7.X\ASM3.asm
                  DelayMS   0x000069    program     static F:\electricity\MCU\PIC\PIC_lab\NO7\lab7.X\ASM3.asm
                      LL1   0x00006a    program     static F:\electricity\MCU\PIC\PIC_lab\NO7\lab7.X\ASM3.asm
                      LL2   0x00006c    program     static F:\electricity\MCU\PIC\PIC_lab\NO7\lab7.X\ASM3.asm
                      LL3   0x00006e    program     static F:\electricity\MCU\PIC\PIC_lab\NO7\lab7.X\ASM3.asm


