MPLINK 5.08, LINKER
Linker Map File - Created Fri Oct 21 14:36:39 2016

                                 Section Info
                  Section       Type    Address   Location Size(Bytes)
                ---------  ---------  ---------  ---------  ---------
                   .org_0       code   0x000000    program   0x000016
                   .cinit    romdata   0x00000b    program   0x000004
.config_2007_BUILD/DEFAULT/PRODUCTION/MAIN.O       code   0x002007    program   0x000002



                              Program Memory Usage 
                               Start         End      
                           ---------   ---------      
                            0x000000    0x00000c      
                            0x002007    0x002007      
            14 out of 8454 program addresses used, program memory utilization is 0%



                              Symbols - Sorted by Name
                     Name    Address   Location    Storage File                     
                ---------  ---------  ---------  --------- ---------                
                     Main   0x000002    program     static F:\electricity\MCU\PIC\PIC_lab\NO6\lab6.X\main.asm
             _.org_0_0003   0x000003    program     static F:\electricity\MCU\PIC\PIC_lab\NO6\lab6.X\main.asm
                    paixu   0x000008    program     static F:\electricity\MCU\PIC\PIC_lab\NO6\lab6.X\main.asm
                    setup   0x000004    program     static F:\electricity\MCU\PIC\PIC_lab\NO6\lab6.X\main.asm



                              Symbols - Sorted by Address
                     Name    Address   Location    Storage File                     
                ---------  ---------  ---------  --------- ---------                
                     Main   0x000002    program     static F:\electricity\MCU\PIC\PIC_lab\NO6\lab6.X\main.asm
             _.org_0_0003   0x000003    program     static F:\electricity\MCU\PIC\PIC_lab\NO6\lab6.X\main.asm
                    setup   0x000004    program     static F:\electricity\MCU\PIC\PIC_lab\NO6\lab6.X\main.asm
                    paixu   0x000008    program     static F:\electricity\MCU\PIC\PIC_lab\NO6\lab6.X\main.asm


