MPLINK 5.08, LINKER
Linker Map File - Created Fri Sep 23 15:20:41 2016

                                 Section Info
                  Section       Type    Address   Location Size(Bytes)
                ---------  ---------  ---------  ---------  ---------
                   .org_0       code   0x000000    program   0x000042
                   .cinit    romdata   0x000021    program   0x000004
.config_2007_BUILD/DEFAULT/DEBUG/MAIN.O       code   0x002007    program   0x000002



                              Program Memory Usage 
                               Start         End      
                           ---------   ---------      
                            0x000000    0x000022      
                            0x002007    0x002007      
            36 out of 8454 program addresses used, program memory utilization is 0%



                              Symbols - Sorted by Name
                     Name    Address   Location    Storage File                     
                ---------  ---------  ---------  --------- ---------                
                   ADD_16   0x000005    program     static F:\electricity\MCU\PIC\PIC_lab\NO3\lab3.X\main.asm
                   SUB_16   0x000013    program     static F:\electricity\MCU\PIC\PIC_lab\NO3\lab3.X\main.asm
                     loop   0x000000    program     static F:\electricity\MCU\PIC\PIC_lab\NO3\lab3.X\main.asm
                     main   0x000000    program     static F:\electricity\MCU\PIC\PIC_lab\NO3\lab3.X\main.asm



                              Symbols - Sorted by Address
                     Name    Address   Location    Storage File                     
                ---------  ---------  ---------  --------- ---------                
                     loop   0x000000    program     static F:\electricity\MCU\PIC\PIC_lab\NO3\lab3.X\main.asm
                     main   0x000000    program     static F:\electricity\MCU\PIC\PIC_lab\NO3\lab3.X\main.asm
                   ADD_16   0x000005    program     static F:\electricity\MCU\PIC\PIC_lab\NO3\lab3.X\main.asm
                   SUB_16   0x000013    program     static F:\electricity\MCU\PIC\PIC_lab\NO3\lab3.X\main.asm


