MPLINK 5.08, LINKER
Linker Map File - Created Thu Sep 22 22:48:05 2016

                                 Section Info
                  Section       Type    Address   Location Size(Bytes)
                ---------  ---------  ---------  ---------  ---------
                   .org_0       code   0x000000    program   0x000078
                   .cinit    romdata   0x00003c    program   0x000004
.config_2007_BUILD/DEFAULT/DEBUG/MAIN.O       code   0x002007    program   0x000002



                              Program Memory Usage 
                               Start         End      
                           ---------   ---------      
                            0x000000    0x00003d      
                            0x002007    0x002007      
            63 out of 8454 program addresses used, program memory utilization is 0%



                              Symbols - Sorted by Name
                     Name    Address   Location    Storage File                     
                ---------  ---------  ---------  --------- ---------                
                  Delay1S   0x000029    program     static F:\electricity\MCU\PIC\CourseLab\NO2\lab2.X\main.asm
                  DelayMS   0x000019    program     static F:\electricity\MCU\PIC\CourseLab\NO2\lab2.X\main.asm
                  DelayUS   0x000012    program     static F:\electricity\MCU\PIC\CourseLab\NO2\lab2.X\main.asm
                    LL1MS   0x00001a    program     static F:\electricity\MCU\PIC\CourseLab\NO2\lab2.X\main.asm
                    LL1US   0x000014    program     static F:\electricity\MCU\PIC\CourseLab\NO2\lab2.X\main.asm
                     Loop   0x000000    program     static F:\electricity\MCU\PIC\CourseLab\NO2\lab2.X\main.asm
                     main   0x000000    program     static F:\electricity\MCU\PIC\CourseLab\NO2\lab2.X\main.asm



                              Symbols - Sorted by Address
                     Name    Address   Location    Storage File                     
                ---------  ---------  ---------  --------- ---------                
                     Loop   0x000000    program     static F:\electricity\MCU\PIC\CourseLab\NO2\lab2.X\main.asm
                     main   0x000000    program     static F:\electricity\MCU\PIC\CourseLab\NO2\lab2.X\main.asm
                  DelayUS   0x000012    program     static F:\electricity\MCU\PIC\CourseLab\NO2\lab2.X\main.asm
                    LL1US   0x000014    program     static F:\electricity\MCU\PIC\CourseLab\NO2\lab2.X\main.asm
                  DelayMS   0x000019    program     static F:\electricity\MCU\PIC\CourseLab\NO2\lab2.X\main.asm
                    LL1MS   0x00001a    program     static F:\electricity\MCU\PIC\CourseLab\NO2\lab2.X\main.asm
                  Delay1S   0x000029    program     static F:\electricity\MCU\PIC\CourseLab\NO2\lab2.X\main.asm


