MPLINK 5.08, LINKER
Linker Map File - Created Tue Nov 01 15:21:41 2016

                                 Section Info
                  Section       Type    Address   Location Size(Bytes)
                ---------  ---------  ---------  ---------  ---------
                   .org_0       code   0x000000    program   0x000008
                   .org_1       code   0x000800    program   0x0000d6
                   .cinit    romdata   0x001800    program   0x000004
                    dbgP0       code   0x001f00    program   0x000200
.config_2007_BUILD/DEFAULT/DEBUG/ASM.O       code   0x002007    program   0x000002
                    dbgD0      udata   0x000070       data   0x000001
                    dbgD1      udata   0x0000f0       data   0x000001
                    dbgD2      udata   0x000170       data   0x000001
                    dbgD3      udata   0x0001e5       data   0x00000b
                    dbgD4      udata   0x0001f0       data   0x000001



                              Program Memory Usage 
                               Start         End      
                           ---------   ---------      
                            0x000000    0x000003      
                            0x000800    0x00086a      
                            0x001800    0x001801      
                            0x001f00    0x001fff      
                            0x002007    0x002007      
            370 out of 8454 program addresses used, program memory utilization is 4%



                              Symbols - Sorted by Name
                     Name    Address   Location    Storage File                     
                ---------  ---------  ---------  --------- ---------                
                Clock_595   0x00084d    program     static F:\electricity\MCU\PIC\PIC_lab\NO8\lab8.X\ASM.asm
                  DelayUS   0x000865    program     static F:\electricity\MCU\PIC\PIC_lab\NO8\lab8.X\ASM.asm
              EEPROM_Read   0x00082c    program     static F:\electricity\MCU\PIC\PIC_lab\NO8\lab8.X\ASM.asm
             EEPROM_Write   0x000815    program     static F:\electricity\MCU\PIC\PIC_lab\NO8\lab8.X\ASM.asm
               HC595_Init   0x00083b    program     static F:\electricity\MCU\PIC\PIC_lab\NO8\lab8.X\ASM.asm
         HC595_Write_Byte   0x000841    program     static F:\electricity\MCU\PIC\PIC_lab\NO8\lab8.X\ASM.asm
                    LL1US   0x000866    program     static F:\electricity\MCU\PIC\PIC_lab\NO8\lab8.X\ASM.asm
                     Loop   0x000814    program     static F:\electricity\MCU\PIC\PIC_lab\NO8\lab8.X\ASM.asm
                 Loop_595   0x000846    program     static F:\electricity\MCU\PIC\PIC_lab\NO8\lab8.X\ASM.asm
                 SET0_595   0x00084b    program     static F:\electricity\MCU\PIC\PIC_lab\NO8\lab8.X\ASM.asm
                 SET1_595   0x000849    program     static F:\electricity\MCU\PIC\PIC_lab\NO8\lab8.X\ASM.asm
            TurnOff_7LEDs   0x000858    program     static F:\electricity\MCU\PIC\PIC_lab\NO8\lab8.X\ASM.asm
             _.org_1_0811   0x000811    program     static F:\electricity\MCU\PIC\PIC_lab\NO8\lab8.X\ASM.asm
             _.org_1_0827   0x000827    program     static F:\electricity\MCU\PIC\PIC_lab\NO8\lab8.X\ASM.asm
             _.org_1_0835   0x000835    program     static F:\electricity\MCU\PIC\PIC_lab\NO8\lab8.X\ASM.asm
                     main   0x000800    program     static F:\electricity\MCU\PIC\PIC_lab\NO8\lab8.X\ASM.asm



                              Symbols - Sorted by Address
                     Name    Address   Location    Storage File                     
                ---------  ---------  ---------  --------- ---------                
                     main   0x000800    program     static F:\electricity\MCU\PIC\PIC_lab\NO8\lab8.X\ASM.asm
             _.org_1_0811   0x000811    program     static F:\electricity\MCU\PIC\PIC_lab\NO8\lab8.X\ASM.asm
                     Loop   0x000814    program     static F:\electricity\MCU\PIC\PIC_lab\NO8\lab8.X\ASM.asm
             EEPROM_Write   0x000815    program     static F:\electricity\MCU\PIC\PIC_lab\NO8\lab8.X\ASM.asm
             _.org_1_0827   0x000827    program     static F:\electricity\MCU\PIC\PIC_lab\NO8\lab8.X\ASM.asm
              EEPROM_Read   0x00082c    program     static F:\electricity\MCU\PIC\PIC_lab\NO8\lab8.X\ASM.asm
             _.org_1_0835   0x000835    program     static F:\electricity\MCU\PIC\PIC_lab\NO8\lab8.X\ASM.asm
               HC595_Init   0x00083b    program     static F:\electricity\MCU\PIC\PIC_lab\NO8\lab8.X\ASM.asm
         HC595_Write_Byte   0x000841    program     static F:\electricity\MCU\PIC\PIC_lab\NO8\lab8.X\ASM.asm
                 Loop_595   0x000846    program     static F:\electricity\MCU\PIC\PIC_lab\NO8\lab8.X\ASM.asm
                 SET1_595   0x000849    program     static F:\electricity\MCU\PIC\PIC_lab\NO8\lab8.X\ASM.asm
                 SET0_595   0x00084b    program     static F:\electricity\MCU\PIC\PIC_lab\NO8\lab8.X\ASM.asm
                Clock_595   0x00084d    program     static F:\electricity\MCU\PIC\PIC_lab\NO8\lab8.X\ASM.asm
            TurnOff_7LEDs   0x000858    program     static F:\electricity\MCU\PIC\PIC_lab\NO8\lab8.X\ASM.asm
                  DelayUS   0x000865    program     static F:\electricity\MCU\PIC\PIC_lab\NO8\lab8.X\ASM.asm
                    LL1US   0x000866    program     static F:\electricity\MCU\PIC\PIC_lab\NO8\lab8.X\ASM.asm


